Flutter crash report.
Please report a bug at https://github.com/flutter/flutter/issues.

## command

flutter build web --release

## exception

OutOfMemoryError: Out of Memory

```
#0      _StringBase._substringUncheckedNative (dart:core-patch/string_patch.dart:463:74)
#1      _StringBase._substringUnchecked (dart:core-patch/string_patch.dart:459:12)
#2      _StringBase.trimRight (dart:core-patch/string_patch.dart:577:12)
#3      RunResult.toString (package:flutter_tools/src/base/process.dart:113:27)
#4      _DefaultProcessUtils.run (package:flutter_tools/src/base/process.dart:340:36)
#5      _rootRunUnary (dart:async/zone.dart:1538:47)
#6      Future._propagateToListeners.handleValueCallback (dart:async/future_impl.dart:948:45)
#7      Future._propagateToListeners (dart:async/future_impl.dart:977:13)
#8      _rootRunUnary (dart:async/zone.dart:1538:47)
#9      Future._propagateToListeners.handleValueCallback (dart:async/future_impl.dart:948:45)
#10     Future._propagateToListeners (dart:async/future_impl.dart:977:13)
#11     Future._completeWithValue (dart:async/future_impl.dart:720:5)
#12     Future.wait.<anonymous closure> (dart:async/future.dart:533:23)
#13     _rootRunUnary (dart:async/zone.dart:1538:47)
#14     Future._propagateToListeners.handleValueCallback (dart:async/future_impl.dart:948:45)
#15     Future._propagateToListeners (dart:async/future_impl.dart:977:13)
#16     Future._asyncCompleteWithValue.<anonymous closure> (dart:async/future_impl.dart:804:7)
#17     _rootRun (dart:async/zone.dart:1525:13)
#18     _CustomZone.runGuarded (dart:async/zone.dart:1321:7)
#19     _CustomZone.bindCallbackGuarded.<anonymous closure> (dart:async/zone.dart:1362:23)
#20     _startMicrotaskLoop (dart:async/schedule_microtask.dart:49:5)
#21     _RawReceivePort._handleMessage (dart:isolate-patch/isolate_patch.dart:194:5)
```

## flutter doctor

```
[32m[✓][39m Flutter (Channel stable, 3.35.5, on Microsoft Windows [Versi¢n 10.0.26200.7019], locale es-CO)
    [511ms]
    [32m•[39m Flutter version 3.35.5 on channel stable at C:\flutter
    [32m•[39m Upstream repository https://github.com/flutter/flutter.git
    [32m•[39m Framework revision ac4e799d23 (7 weeks ago), 2025-09-26 12:05:09 -0700
    [32m•[39m Engine revision d3d45dcf25
    [32m•[39m Dart version 3.9.2
    [32m•[39m DevTools version 2.48.0
    [32m•[39m Feature flags: enable-web, enable-linux-desktop, enable-macos-desktop,
      enable-windows-desktop, enable-android, enable-ios, cli-animations, enable-lldb-debugging

[32m[✓][39m Windows Version (11 Home Single Language 64-bit, 25H2, 2009) [2,8s]

[32m[✓][39m Android toolchain - develop for Android devices (Android SDK version 35.0.0) [5,4s]
    [32m•[39m Android SDK at C:\Android
    [32m•[39m Emulator version unknown
    [32m•[39m Platform android-36, build-tools 35.0.0
    [32m•[39m Java binary at: C:\Program Files\Microsoft\jdk-17.0.16.8-hotspot\bin\java
      This JDK is specified by the JAVA_HOME environment variable.
      To manually set the JDK path, use: `flutter config --jdk-dir="path/to/jdk"`.
    [32m•[39m Java version OpenJDK Runtime Environment Microsoft-11926163 (build 17.0.16+8-LTS)
    [32m•[39m All Android licenses accepted.

[32m[✓][39m Chrome - develop for the web [326ms]
    [32m•[39m Chrome at C:\Program Files\Google\Chrome\Application\chrome.exe

[31m[✗][39m Visual Studio - develop Windows apps [320ms]
    [31m✗[39m Visual Studio not installed; this is necessary to develop Windows apps.
      Download at https://visualstudio.microsoft.com/downloads/.
      Please install the "Desktop development with C++" workload, including all of its default
      components

[33m[!][39m Android Studio (not installed) [312ms]
    [32m•[39m Android Studio not found; download from https://developer.android.com/studio/index.html
      (or visit https://flutter.dev/to/windows-android-setup for detailed instructions).

[32m[✓][39m VS Code (version 1.105.1) [312ms]
    [32m•[39m VS Code at C:\Users\willy\AppData\Local\Programs\Microsoft VS Code
    [32m•[39m Flutter extension version 3.122.0

[32m[✓][39m Connected device (3 available) [3,0s]
    [32m•[39m Windows (desktop) • windows • windows-x64    • Microsoft Windows [Versi¢n 10.0.26200.7019]
    [32m•[39m Chrome (web)      • chrome  • web-javascript • Google Chrome 142.0.7444.61
    [32m•[39m Edge (web)        • edge    • web-javascript • Microsoft Edge 142.0.3595.53

[32m[✓][39m Network resources [1.176ms]
    [32m•[39m All expected network resources are available.

[33m![39m Doctor found issues in 2 categories.
```
